// Jest Snapshot v1, https://goo.gl/fbAQLP

exports[`Loader component should render and match snapshot 1`] = `
<DocumentFragment>
  <div
    class="lds-roller"
  >
    <div />
    <div />
    <div />
    <div />
    <div />
    <div />
    <div />
    <div />
  </div>
</DocumentFragment>
`;
