// Jest Snapshot v1, https://goo.gl/fbAQLP

exports[`Footer component should render correctly and match snapshot 1`] = `[Function]`;
